// Jest Snapshot v1, https://goo.gl/fbAQLP

exports[`App Component renders without crashing 1`] = `
<div>
  <header
    class="sc-gZMcBi iCyDGX"
  >
    <h1
      class="sc-bdVaJa hMOmBt"
    >
      üê∂
    </h1>
    <button
      class="sc-bwzfXH bwQeco"
      disabled=""
    >
      Dog Search
    </button>
    <button
      class="sc-bwzfXH bwQeco"
    >
      Cat Search
    </button>
  </header>
  <main
    class="sc-gqjmRU dwogNk"
  >
    <div
      class="sc-htoDjs bxEQbg"
    />
  </main>
  <footer
    class="sc-VigVT kUMmUu"
  >
    <div
      class="sc-dnqmqq hKHdbA"
    >
      <button
        class="sc-iwsKbI bmZaqg"
        disabled=""
      >
        Prev Page
      </button>
      <span>
        Page 
        1
      </span>
      <button
        class="sc-iwsKbI bmZaqg"
      >
        Next Page
      </button>
    </div>
  </footer>
</div>
`;
