// Jest Snapshot v1, https://goo.gl/fbAQLP

exports[`renders without crashing 1`] = `
<div>
  <header
    class="sc-htoDjs ggvsSU"
  >
    <h1
      class="sc-gZMcBi hHyiFP"
    >
      üê∂
    </h1>
    <button
      disabled=""
    >
      Dog Search
    </button>
    <button>
      Cat Search
    </button>
  </header>
  <main
    class="sc-dnqmqq bxGFOx"
  >
    <div
      class="sc-bZQynM jgZutv"
    />
  </main>
  <footer
    class="sc-iwsKbI fHEDOg"
  >
    <div
      class="sc-gzVnrw bYgKLD"
    >
      <button
        disabled=""
      >
        Prev Page
      </button>
      <span>
        Page 
        1
      </span>
      <button>
        Next Page
      </button>
    </div>
  </footer>
</div>
`;
